[dotenv@17.2.3] injecting env (25) from .env -- tip: ­ƒøá´©Å  run anywhere with `dotenvx run -- yourcommand`

--- Testing Env: uat ---

[uat] Probing Path: /quoteRequest
[uat] /quoteRequest Status: 404 Not Found

[uat] Probing Path: /quoterequest
[uat] /quoterequest Status: 404 Not Found

[uat] Probing Path: /quotes
[uat] /quotes Status: 404 Not Found

[uat] Probing Path: /quote
[uat] /quote Status: 404 Not Found

[uat] Probing Path: /shipmentRequest
[uat] /shipmentRequest Status: 201 Created
[uat] /shipmentRequest Response Body: {"trackingNumber":"B159000000005","status":"To Deliver","shipperReference":"QUOTE-TEST-1767691831657"}

--- Testing Env: production ---

[production] Probing Path: /quoteRequest
node.exe : [production] /quoteRequest 
Error: fetch failed
At line:1 char:1
+ & "C:\nvm4w\nodejs/node.exe" 
"C:\nvm4w\nodejs/node_modules/npm/bin/np 
...
+ ~~~~~~~~~~~~~~~~~~~~~~~~~~~~~~~~~~~~~~~~~
~~~~~~~~~~~~~~~~~~~~~~~~~~~~
    + CategoryInfo          : NotSpecified 
   : ([production] /q...r: fetch failed:S  
  tring) [], RemoteException
    + FullyQualifiedErrorId : NativeComman 
   dError
 

[production] Probing Path: /quoterequest
[production] /quoterequest Error: fetch 
failed

[production] Probing Path: /quotes
[production] /quotes Error: fetch failed

[production] Probing Path: /quote
[production] /quote Error: fetch failed

[production] Probing Path: /shipmentRequest
[production] /shipmentRequest Error: fetch 
failed
